
Allocating common symbols
Common symbol       size              file

Const_var           0x1               main_lab2.o

Memory Configuration

Name             Origin             Length             Attributes
flash            0x08000000         0x00020000         xr
sram             0x20000000         0x00005000         xrw
*default*        0x00000000         0xffffffff

Linker script and memory map


.text           0x08000000      0x180
 *(.vectors*)
 .vectors       0x08000000       0x1c startup.o
                0x08000000                vectors
 *(.text*)
 .text          0x0800001c       0xa8 main_lab2.o
                0x0800001c                main
 .text          0x080000c4       0xbc startup.o
                0x080000c4                H_Fault_Handler
                0x080000c4                MM_Fault_Handler
                0x080000c4                Bus_Fault
                0x080000c4                Default_Handler
                0x080000c4                Usage_Fault_Handler
                0x080000c4                NMI_Handler
                0x080000d0                Rest_Handler
 *(.rodata)
                0x08000180                _E_text = .

.glue_7         0x08000180        0x0
 .glue_7        0x00000000        0x0 linker stubs

.glue_7t        0x08000180        0x0
 .glue_7t       0x00000000        0x0 linker stubs

.vfp11_veneer   0x08000180        0x0
 .vfp11_veneer  0x00000000        0x0 linker stubs

.v4_bx          0x08000180        0x0
 .v4_bx         0x00000000        0x0 linker stubs

.iplt           0x08000180        0x0
 .iplt          0x00000000        0x0 main_lab2.o

.rel.dyn        0x08000180        0x0
 .rel.iplt      0x00000000        0x0 main_lab2.o

.data           0x08000180       0x10
                0x08000180                _S_DATA = .
 *(.data)
 .data          0x08000180       0x10 main_lab2.o
                0x08000180                R_ODR
                0x08000184                arr
 .data          0x08000190        0x0 startup.o
                0x08000190                _E_DATA = .

.igot.plt       0x08000190        0x0
 .igot.plt      0x00000000        0x0 main_lab2.o

.bss            0x20000000      0x3e9
                0x20000000                _S_bss = .
 *(.bss)
 .bss           0x20000000        0x0 main_lab2.o
 .bss           0x20000000        0x0 startup.o
                0x20000000                . = ALIGN (0x4)
                0x20000000                _E_bss = .
                0x20000000                . = ALIGN (0x4)
                0x200003e8                . = (. + 0x3e8)
 *fill*         0x20000000      0x3e8 
                0x200003e8                _stack_top = .
 COMMON         0x200003e8        0x1 main_lab2.o
                0x200003e8                Const_var
LOAD main_lab2.o
LOAD startup.o
OUTPUT(Learn-in-depth-cortex-m3.elf elf32-littlearm)

.debug_info     0x00000000      0x2cc
 .debug_info    0x00000000      0x164 main_lab2.o
 .debug_info    0x00000164      0x168 startup.o

.debug_abbrev   0x00000000      0x1b8
 .debug_abbrev  0x00000000       0xf6 main_lab2.o
 .debug_abbrev  0x000000f6       0xc2 startup.o

.debug_loc      0x00000000       0x9c
 .debug_loc     0x00000000       0x38 main_lab2.o
 .debug_loc     0x00000038       0x64 startup.o

.debug_aranges  0x00000000       0x40
 .debug_aranges
                0x00000000       0x20 main_lab2.o
 .debug_aranges
                0x00000020       0x20 startup.o

.debug_line     0x00000000      0x14c
 .debug_line    0x00000000       0xa0 main_lab2.o
 .debug_line    0x000000a0       0xac startup.o

.debug_str      0x00000000      0x1c0
 .debug_str     0x00000000       0xe8 main_lab2.o
                                0x125 (size before relaxing)
 .debug_str     0x000000e8       0xd8 startup.o
                                0x17a (size before relaxing)

.comment        0x00000000       0x11
 .comment       0x00000000       0x11 main_lab2.o
                                 0x12 (size before relaxing)
 .comment       0x00000000       0x12 startup.o

.ARM.attributes
                0x00000000       0x33
 .ARM.attributes
                0x00000000       0x33 main_lab2.o
 .ARM.attributes
                0x00000033       0x33 startup.o

.debug_frame    0x00000000       0x78
 .debug_frame   0x00000000       0x2c main_lab2.o
 .debug_frame   0x0000002c       0x4c startup.o
