
Memory Configuration

Name             Origin             Length             Attributes
flash            0x00000000         0x20000000         xr
sram             0x20000000         0x20000000         xrw
*default*        0x00000000         0xffffffff

Linker script and memory map


.text           0x00000000      0x19c
 *(.vectors*)
 .vectors       0x00000000       0x1c startup.o
                0x00000000                p_fn_vectors
 *(.text*)
 .text          0x0000001c       0xc4 main.o
                0x0000001c                main
 .text          0x000000e0       0xbc startup.o
                0x000000e0                H_Fault_Handler
                0x000000e0                MM_Fault_Handler
                0x000000e0                Bus_Fault
                0x000000e0                Default_Handler
                0x000000e0                Usage_Fault_Handler
                0x000000e0                NMI_Handler
                0x000000ec                Rest_Handler
 *(.rodata)
                0x0000019c                _E_text = .

.glue_7         0x0000019c        0x0
 .glue_7        0x00000000        0x0 linker stubs

.glue_7t        0x0000019c        0x0
 .glue_7t       0x00000000        0x0 linker stubs

.vfp11_veneer   0x0000019c        0x0
 .vfp11_veneer  0x00000000        0x0 linker stubs

.v4_bx          0x0000019c        0x0
 .v4_bx         0x00000000        0x0 linker stubs

.iplt           0x0000019c        0x0
 .iplt          0x00000000        0x0 main.o

.rel.dyn        0x0000019c        0x0
 .rel.iplt      0x00000000        0x0 main.o

.data           0x20000000        0x0
                0x20000000                _S_DATA = .
 *(.data)
 .data          0x20000000        0x0 main.o
 .data          0x20000000        0x0 startup.o
                0x20000000                _E_DATA = .

.igot.plt       0x20000000        0x0
 .igot.plt      0x00000000        0x0 main.o

.bss            0x20000000      0x400
                0x20000000                _S_bss = .
 *(.bss)
 .bss           0x20000000        0x0 main.o
 .bss           0x20000000      0x400 startup.o
                0x20000400                . = ALIGN (0x4)
                0x20000400                _E_bss = .
LOAD main.o
LOAD startup.o
OUTPUT(TM4C123-cortex-M4.elf elf32-littlearm)

.debug_info     0x00000000      0x1ef
 .debug_info    0x00000000       0x66 main.o
 .debug_info    0x00000066      0x189 startup.o

.debug_abbrev   0x00000000      0x12a
 .debug_abbrev  0x00000000       0x5c main.o
 .debug_abbrev  0x0000005c       0xce startup.o

.debug_loc      0x00000000       0x9c
 .debug_loc     0x00000000       0x38 main.o
 .debug_loc     0x00000038       0x64 startup.o

.debug_aranges  0x00000000       0x40
 .debug_aranges
                0x00000000       0x20 main.o
 .debug_aranges
                0x00000020       0x20 startup.o

.debug_line     0x00000000      0x10d
 .debug_line    0x00000000       0x61 main.o
 .debug_line    0x00000061       0xac startup.o

.debug_str      0x00000000      0x13d
 .debug_str     0x00000000       0x55 main.o
                                 0x67 (size before relaxing)
 .debug_str     0x00000055       0xe8 startup.o
                                0x15f (size before relaxing)

.comment        0x00000000       0x11
 .comment       0x00000000       0x11 main.o
                                 0x12 (size before relaxing)
 .comment       0x00000000       0x12 startup.o

.ARM.attributes
                0x00000000       0x33
 .ARM.attributes
                0x00000000       0x33 main.o
 .ARM.attributes
                0x00000033       0x33 startup.o

.debug_frame    0x00000000       0x78
 .debug_frame   0x00000000       0x2c main.o
 .debug_frame   0x0000002c       0x4c startup.o
